// Jest Snapshot v1, https://goo.gl/fbAQLP

exports[`[RENDER] components/netflix/head/header.js Header Component renders 1`] = `null`;
